// TypesFromSerializers CacheKey 776fb5e3226788d510aef67d0e752656
//
// DO NOT MODIFY: This file was automatically generated by TypesFromSerializers.
export type { default as Comment } from './Comment'
export type { default as Composer } from './Composer'
export type { default as ComposerWithSongs } from './ComposerWithSongs'
export type { default as Model } from './Model'
export type { default as NestedAlbum } from './Nested/Album'
export type { default as SnakeComposer } from './SnakeComposer'
export type { default as Song } from './Song'
export type { default as SongWithVideos } from './SongWithVideos'
export type { default as Video } from './Video'
export type { default as VideoWithSong } from './VideoWithSong'
