// TypesFromSerializers CacheKey 636b4cae3f215555e0d20bb499a1338a
//
// DO NOT MODIFY: This file was automatically generated by TypesFromSerializers.
export {}

declare global {
  namespace Schema {
    interface Comment {
      id: number
      authorName?: string
      content?: string
      createdAt: string | Date
      replies: Comment[]
    }
  }
}
